
> viralstack-frontend@0.1.0 build
> next build

node.exe : ΓÜá Invalid next.config.js options detected: 
At line:1 char:1
+ & "C:\Program Files\nodejs/node.exe" "C:\Users\asplo\AppData\Roaming\ ...
+ ~~~~~~~~~~~~~~~~~~~~~~~~~~~~~~~~~~~~~~~~~~~~~~~~~~~~~~~~~~~~~~~~~~~~~
    + CategoryInfo          : NotSpecified: (ΓÜá Invalid nex...ions detected:  
   :String) [], RemoteException
    + FullyQualifiedErrorId : NativeCommandError
 
ΓÜá     Unrecognized key(s) in object: 'swcMinify'
ΓÜá See more info here: https://nextjs.org/docs/messages/invalid-next-config
Γû▓ Next.js 16.1.6 (Turbopack)
- Environments: .env.local

ΓÜá The "middleware" file convention is deprecated. Please use "proxy" 
instead. Learn more: https://nextjs.org/docs/messages/middleware-to-proxy
  Creating an optimized production build ...
Γ£ô Compiled successfully in 13.7s
  Running TypeScript ...
  Collecting page data using 15 workers ...
  Generating static pages using 15 workers (0/23) ...
[App Layout] Showing loading screen
[App Layout] Showing loading screen
  Generating static pages using 15 workers (5/23) 
  Generating static pages using 15 workers (11/23) 
  Generating static pages using 15 workers (17/23) 
Γ£ô Generating static pages using 15 workers (23/23) in 481.0ms
  Finalizing page optimization ...

Route (app)
Γöî Γùï /
Γö£ Γùï /_not-found
Γö£ ╞Æ /[teamId]
Γö£ ╞Æ /[teamId]/brand
Γö£ ╞Æ /[teamId]/brand/[brandId]
Γö£ ╞Æ /[teamId]/brand/[brandId]/analytics
Γö£ ╞Æ /[teamId]/brand/[brandId]/automation
Γö£ ╞Æ /[teamId]/brand/[brandId]/automation/[automationId]
Γö£ ╞Æ /[teamId]/brand/[brandId]/calendar
Γö£ ╞Æ /[teamId]/brand/[brandId]/generate
Γö£ ╞Æ /[teamId]/brand/[brandId]/overview
Γö£ ╞Æ /[teamId]/brand/[brandId]/posts
Γö£ ╞Æ /[teamId]/brand/[brandId]/posts/[postId]
Γö£ ╞Æ /[teamId]/brand/[brandId]/settings
Γö£ ╞Æ /[teamId]/brand/[brandId]/settings/ctas
Γö£ ╞Æ /[teamId]/brand/[brandId]/template/[templateId]
Γö£ ╞Æ /[teamId]/brand/[brandId]/template/[templateId]/edit
Γö£ ╞Æ /[teamId]/brand/[brandId]/templates
Γö£ ╞Æ /[teamId]/brand/post/[id]
Γö£ ╞Æ /[teamId]/brand/profiles
Γö£ ╞Æ /[teamId]/connect-social
Γö£ ╞Æ /[teamId]/connect-social/callback
Γö£ ╞Æ /[teamId]/members
Γö£ ╞Æ /[teamId]/overview
Γö£ ╞Æ /[teamId]/settings
Γö£ ╞Æ /[teamId]/settings/account
Γö£ ╞Æ /[teamId]/settings/appearance
Γö£ ╞Æ /[teamId]/settings/billing
Γö£ ╞Æ /[teamId]/settings/notifications
Γö£ ╞Æ /[teamId]/settings/security
Γö£ Γùï /admin
Γö£ Γùï /admin/preset-packs
Γö£ Γùï /admin/pricing
Γö£ Γùï /admin/templates
Γö£ Γùï /admin/testimonials
Γö£ ╞Æ /api/stripe/create-portal
Γö£ ╞Æ /api/stripe/customer-portal
Γö£ ╞Æ /api/stripe/prices
Γö£ ╞Æ /api/stripe/webhook
Γö£ Γùï /auth/callback
Γö£ Γùï /checkout
Γö£ Γùï /debug-auth
Γö£ Γùï /debug-teams
Γö£ Γùï /example-preset-pack
Γö£ Γùï /login
Γö£ Γùï /overview
Γö£ Γùï /pricing
Γö£ Γùï /privacy-policy
Γö£ Γùï /signup
Γöö Γùï /terms-of-service


╞Æ Proxy (Middleware)

Γùï  (Static)   prerendered as static content
╞Æ  (Dynamic)  server-rendered on demand

